
// ==========================================================================
//  GPPG error listing for yacc source file <SimpleYacc.y - 20.12.2019 19:20:09>
// ==========================================================================
//  Version:  1.5.0
//  Machine:  MIL8A-202A-01
//  DateTime: 20.12.2019 19:20:13
//  UserName: user
// ==========================================================================


%{
// Ýòè îáúÿâëåíèÿ äîáàâëÿþòñÿ â êëàññ GPPGParser, ïðåäñòàâëÿþùèé ñîáîé ïàðñåð, ãåíåðèðóåìûé ñèñòåìîé gppg
    public Parser(AbstractScanner<int, LexLocation> scanner) : base(scanner) { }
%}

%output = SimpleYacc.cs

%namespace SimpleParser

%token BEGIN END CYCLE INUM RNUM ID ASSIGN SEMICOLON REPEAT UNTIL WHILE DO IF THEN ELSE FOR TO OPENP CLOSEP WRITE VAR COMMA MINUS PLUS MULT DELIM
%%
// Warning: Terminating repeat fixes the following size-1 NonTerminal set
   // {repeat}
// Error: NonTerminal symbol "repeat" has no productions
// Error: There are 1 non-terminating NonTerminal Symbols
   //  {repeat}
// ----------------------------------------------------------------------

progr   : block
		;

stlist	: statement 
		| stlist SEMICOLON statement 
		;

statement: assign
		| block  
		| cycle 
		| repeat
		| while
		| if
		| write
		| var
		;
identlist : ID 
		| ID COMMA identlist
		;


ident 	: ID 
		;
	
assign 	: ident ASSIGN expr 
		;

expr	: e1
		;

e1		: e2
		| e1 MINUS e2
		| e1 PLUS e2
		;

e2		: e3
		| e2 MULT e3
		| e2 DELIM e3
		;

e3		: ident | INUM | RNUM | OPENP expr CLOSEP
		;


block	: BEGIN stlist END 
		;

cycle	: CYCLE expr statement 
		;
	repeat  : REPEAT stlist UNTIL expr
//^^^^^
// Error: Syntax error, unexpected ident, expecting %%, or anchoredSymbol, or EOF
// ------------------------------------------------------------------------------
		;

while   : WHILE expr DO statement
		;

if		: IF expr THEN statement
		| IF expr THEN statement ELSE statement
		;

while   : FOR assign TO expr DO statement
		;

write   : WRITE OPENP expr CLOSEP
		;

var		: VAR identlist
		;
%%
// ==========================================================================

